[0m01:11:05.821378 [debug] [MainThread]: Sending event: {'category': 'dbt', 'action': 'invocation', 'label': 'start', 'context': [<snowplow_tracker.self_describing_json.SelfDescribingJson object at 0x0000026C81A4EBA0>, <snowplow_tracker.self_describing_json.SelfDescribingJson object at 0x0000026C801EA7B0>, <snowplow_tracker.self_describing_json.SelfDescribingJson object at 0x0000026CFF970650>]}


============================== 01:11:05.887574 | 192973d1-f0e1-4d31-a656-2eb74930f28a ==============================
[0m01:11:05.887574 [info ] [MainThread]: Running with dbt=1.12.5
[0m01:11:05.888583 [debug] [MainThread]: running dbt with arguments {'maximum_seed_size_mib': '1', 'no_print': 'None', 'static_parser': 'True', 'warn_error_options': 'WarnErrorOptionsV2(error=[], warn=[], silence=[])', 'target_path': 'None', 'version_check': 'True', 'printer_width': '80', 'write_json': 'True', 'introspect': 'True', 'log_cache_events': 'False', 'empty': 'None', 'cache_selected_only': 'False', 'log_format': 'default', 'debug': 'False', 'fail_fast': 'False', 'partial_parse': 'True', 'send_anonymous_usage_stats': 'True', 'quiet': 'False', 'warn_error': 'None', 'profiles_dir': 'C:\\Users\\shubham.garje\\.dbt', 'use_colors': 'True', 'hints_enabled': 'True', 'indirect_selection': 'eager', 'use_experimental_parser': 'False', 'invocation_command': 'dbt init', 'log_path': 'logs'}
[0m01:11:06.076650 [info ] [MainThread]: Creating dbt configuration folder at C:\Users\shubham.garje\.dbt
[0m01:12:36.811858 [debug] [MainThread]: Starter project path: C:\Users\shubham.garje\Downloads\snfk_dbt_Airbnb_Stuff\SNFK_DBT_AWS\.venv\Lib\site-packages\dbt\include\starter_project
[0m01:12:36.841557 [info ] [MainThread]: Setting up your profile.
[0m01:13:04.959361 [debug] [MainThread]: Snowflake adapter: Setting snowflake.connector to ERROR (file logging only)
[0m01:13:04.959361 [debug] [MainThread]: Snowflake adapter: Setting botocore to ERROR (file logging only)
[0m01:13:04.959361 [debug] [MainThread]: Snowflake adapter: Setting boto3 to ERROR (file logging only)
[0m01:17:15.686496 [info ] [MainThread]: Profile Airbnb_snfk_aws_dbt_project written to C:\Users\shubham.garje\.dbt\profiles.yml using target's profile_template.yml and your supplied values.
[0m01:17:15.705139 [info ] [MainThread]: Running dbt debug to validate the project...
[0m01:17:15.705139 [info ] [MainThread]: dbt version: 1.12.5
[0m01:17:15.706424 [info ] [MainThread]: python version: 3.12.10
[0m01:17:15.706424 [info ] [MainThread]: python path: C:\Users\shubham.garje\Downloads\snfk_dbt_Airbnb_Stuff\SNFK_DBT_AWS\.venv\Scripts\python.exe
[0m01:17:15.706424 [info ] [MainThread]: os info: Windows-11-10.0.26200-SP0
[0m01:17:15.786619 [info ] [MainThread]: Using profiles dir at C:\Users\shubham.garje\.dbt
[0m01:17:15.786619 [info ] [MainThread]: Using profiles.yml file at C:\Users\shubham.garje\.dbt\profiles.yml
[0m01:17:15.787737 [info ] [MainThread]: Using dbt_project.yml file at C:\Users\shubham.garje\Downloads\snfk_dbt_Airbnb_Stuff\SNFK_DBT_AWS\Airbnb_snfk_aws_dbt_project\dbt_project.yml
[0m01:17:15.793750 [info ] [MainThread]: adapter type: snowflake
[0m01:17:15.794362 [info ] [MainThread]: adapter version: 1.12.1
[0m01:17:15.883627 [info ] [MainThread]: Configuration:
[0m01:17:15.883627 [info ] [MainThread]:   profiles.yml file [[32mOK found and valid[0m]
[0m01:17:15.884636 [info ] [MainThread]:   dbt_project.yml file [[32mOK found and valid[0m]
[0m01:17:15.884636 [info ] [MainThread]: Required dependencies:
[0m01:17:15.884636 [debug] [MainThread]: Executing "git --help"
[0m01:17:15.950305 [debug] [MainThread]: STDOUT: "b"usage: git [-v | --version] [-h | --help] [-C <path>] [-c <name>=<value>]\n           [--exec-path[=<path>]] [--html-path] [--man-path] [--info-path]\n           [-p | --paginate | -P | --no-pager] [--no-replace-objects] [--no-lazy-fetch]\n           [--no-optional-locks] [--no-advice] [--bare] [--git-dir=<path>]\n           [--work-tree=<path>] [--namespace=<name>] [--config-env=<name>=<envvar>]\n           <command> [<args>]\n\nThese are common Git commands used in various situations:\n\nstart a working area (see also: git help tutorial)\n   clone      Clone a repository into a new directory\n   init       Create an empty Git repository or reinitialize an existing one\n\nwork on the current change (see also: git help everyday)\n   add        Add file contents to the index\n   mv         Move or rename a file, a directory, or a symlink\n   restore    Restore working tree files\n   rm         Remove files from the working tree and from the index\n\nexamine the history and state (see also: git help revisions)\n   bisect     Use binary search to find the commit that introduced a bug\n   diff       Show changes between commits, commit and working tree, etc\n   grep       Print lines matching a pattern\n   log        Show commit logs\n   show       Show various types of objects\n   status     Show the working tree status\n\ngrow, mark and tweak your common history\n   backfill   Download missing objects in a partial clone\n   branch     List, create, or delete branches\n   commit     Record changes to the repository\n   history    EXPERIMENTAL: Rewrite history\n   merge      Join two or more development histories together\n   rebase     Reapply commits on top of another base tip\n   reset      Set `HEAD` or the index to a known state\n   switch     Switch branches\n   tag        Create, list, delete or verify tags\n\ncollaborate (see also: git help workflows)\n   fetch      Download objects and refs from another repository\n   pull       Fetch from and integrate with another repository or a local branch\n   push       Update remote refs along with associated objects\n\n'git help -a' and 'git help -g' list available subcommands and some\nconcept guides. See 'git help <command>' or 'git help <concept>'\nto read about a specific subcommand or concept.\nSee 'git help git' for an overview of the system.\n""
[0m01:17:15.951895 [debug] [MainThread]: STDERR: "b''"
[0m01:17:15.952408 [info ] [MainThread]:  - git [[32mOK found[0m]

[0m01:17:15.952408 [info ] [MainThread]: Connection:
[0m01:17:15.953415 [info ] [MainThread]:   account: JDWVPZT-UEC60817
[0m01:17:15.953415 [info ] [MainThread]:   user: SHUBHJULY999
[0m01:17:15.953415 [info ] [MainThread]:   database: AIRBNB
[0m01:17:15.954082 [info ] [MainThread]:   warehouse: COMPUTE_WH
[0m01:17:15.954082 [info ] [MainThread]:   role: ACCOUNTADMIN
[0m01:17:15.954082 [info ] [MainThread]:   schema: dbt_schema
[0m01:17:15.954082 [info ] [MainThread]:   authenticator: None
[0m01:17:15.955088 [info ] [MainThread]:   oauth_client_id: None
[0m01:17:15.955088 [info ] [MainThread]:   query_tag: None
[0m01:17:15.955088 [info ] [MainThread]:   client_session_keep_alive: False
[0m01:17:15.955088 [info ] [MainThread]:   host: None
[0m01:17:15.956093 [info ] [MainThread]:   port: None
[0m01:17:15.956093 [info ] [MainThread]:   proxy_host: None
[0m01:17:15.956093 [info ] [MainThread]:   proxy_port: None
[0m01:17:15.957099 [info ] [MainThread]:   protocol: None
[0m01:17:15.957099 [info ] [MainThread]:   connect_retries: 1
[0m01:17:15.957099 [info ] [MainThread]:   connect_timeout: None
[0m01:17:15.957099 [info ] [MainThread]:   retry_on_database_errors: False
[0m01:17:15.958342 [info ] [MainThread]:   retry_all: False
[0m01:17:15.958342 [info ] [MainThread]:   insecure_mode: False
[0m01:17:15.959397 [info ] [MainThread]:   reuse_connections: True
[0m01:17:15.959397 [info ] [MainThread]:   s3_stage_vpce_dns_name: None
[0m01:17:15.959397 [info ] [MainThread]:   workload_identity_provider: None
[0m01:17:15.960201 [info ] [MainThread]:   workload_identity_entra_resource: None
[0m01:17:15.960201 [info ] [MainThread]:   platform_detection_timeout_seconds: 0.0
[0m01:17:15.960201 [info ] [MainThread]: Registered adapter: snowflake=1.12.1
[0m01:17:16.286950 [debug] [MainThread]: Acquiring new snowflake connection 'debug'
[0m01:17:16.297222 [debug] [MainThread]: Using snowflake connection "debug"
[0m01:17:16.297222 [debug] [MainThread]: On debug: select 1 as id
[0m01:17:16.297222 [debug] [MainThread]: Opening a new connection, currently in state init
[0m01:17:20.522674 [debug] [MainThread]: Snowflake adapter: Error running SQL: select 1 as id
[0m01:17:20.523782 [debug] [MainThread]: Snowflake adapter: Rolling back transaction.
[0m01:17:20.523782 [info ] [MainThread]:   Connection test: [[31mERROR[0m]

[0m01:17:20.524414 [info ] [MainThread]: [31m1 check failed:[0m
[0m01:17:20.524414 [info ] [MainThread]: dbt was unable to connect to the specified database.
The database returned the following error:

  >Database Error
  390100 (28000): Failed to connect to DB: JDWVPZT-UEC60817.snowflakecomputing.com:443. Incorrect username or password was specified. [4998aa41-1e56-4f2b-b631-d126a5563e7d]

Check your database credentials and try again. For more information, visit:
https://docs.getdbt.com/docs/configure-your-profile


[0m01:17:20.525559 [info ] [MainThread]: Your new dbt project "Airbnb_snfk_aws_dbt_project" was created!
Initialized new project in C:\Users\shubham.garje\Downloads\snfk_dbt_Airbnb_Stuff\SNFK_DBT_AWS\Airbnb_snfk_aws_dbt_project\Airbnb_snfk_aws_dbt_project

For more information on how to configure the profiles.yml file,
please consult the dbt documentation here:

  https://docs.getdbt.com/docs/configure-your-profile

One more thing:

Need help? Don't hesitate to reach out to us via GitHub issues or on Slack:

  https://community.getdbt.com/

Happy modeling!

[0m01:17:20.525559 [info ] [MainThread]: [31mYour profile may need adjustments. You can find the logs of `dbt debug` above[0m
[0m01:17:20.526655 [debug] [MainThread]: Command `dbt init` succeeded at 01:17:20.526655 after 374.91 seconds
[0m01:17:20.526655 [debug] [MainThread]: Connection 'debug' was left open.
[0m01:17:20.526655 [debug] [MainThread]: On debug: No close available on handle
[0m01:17:20.526655 [debug] [MainThread]: Sending event: {'category': 'dbt', 'action': 'invocation', 'label': 'end', 'context': [<snowplow_tracker.self_describing_json.SelfDescribingJson object at 0x0000026C801EA7B0>, <snowplow_tracker.self_describing_json.SelfDescribingJson object at 0x0000026C84E08380>, <snowplow_tracker.self_describing_json.SelfDescribingJson object at 0x0000026C802D6300>]}
[0m01:17:20.527752 [debug] [MainThread]: Flushing usage events
[0m01:17:22.013299 [debug] [MainThread]: An error was encountered while trying to flush usage events
